This is pdfTeX, Version 3.141592653-2.6-1.40.25 (TeX Live 2023/Debian) (preloaded format=pdflatex 2025.8.20)  4 SEP 2025 01:59
entering extended mode
 restricted \write18 enabled.
 %&-line parsing enabled.
**report/assignment1_report.tex
(./report/assignment1_report.tex
LaTeX2e <2023-11-01> patch level 1
L3 programming layer <2024-01-22>
(/usr/share/texlive/texmf-dist/tex/latex/base/article.cls
Document Class: article 2023/05/17 v1.4n Standard LaTeX document class
(/usr/share/texlive/texmf-dist/tex/latex/base/size11.clo
File: size11.clo 2023/05/17 v1.4n Standard LaTeX file (size option)
)
\c@part=\count187
\c@section=\count188
\c@subsection=\count189
\c@subsubsection=\count190
\c@paragraph=\count191
\c@subparagraph=\count192
\c@figure=\count193
\c@table=\count194
\abovecaptionskip=\skip48
\belowcaptionskip=\skip49
\bibindent=\dimen140
)
(/usr/share/texlive/texmf-dist/tex/latex/graphics/graphicx.sty
Package: graphicx 2021/09/16 v1.2d Enhanced LaTeX Graphics (DPC,SPQR)

(/usr/share/texlive/texmf-dist/tex/latex/graphics/keyval.sty
Package: keyval 2022/05/29 v1.15 key=value parser (DPC)
\KV@toks@=\toks17
)
(/usr/share/texlive/texmf-dist/tex/latex/graphics/graphics.sty
Package: graphics 2022/03/10 v1.4e Standard LaTeX Graphics (DPC,SPQR)

(/usr/share/texlive/texmf-dist/tex/latex/graphics/trig.sty
Package: trig 2021/08/11 v1.11 sin cos tan (DPC)
)
(/usr/share/texlive/texmf-dist/tex/latex/graphics-cfg/graphics.cfg
File: graphics.cfg 2016/06/04 v1.11 sample graphics configuration
)
Package graphics Info: Driver file: pdftex.def on input line 107.

(/usr/share/texlive/texmf-dist/tex/latex/graphics-def/pdftex.def
File: pdftex.def 2022/09/22 v1.2b Graphics/color driver for pdftex
))
\Gin@req@height=\dimen141
\Gin@req@width=\dimen142
)
(/usr/share/texlive/texmf-dist/tex/latex/amsmath/amsmath.sty
Package: amsmath 2023/05/13 v2.17o AMS math features
\@mathmargin=\skip50

For additional information on amsmath, use the `?' option.
(/usr/share/texlive/texmf-dist/tex/latex/amsmath/amstext.sty
Package: amstext 2021/08/26 v2.01 AMS text

(/usr/share/texlive/texmf-dist/tex/latex/amsmath/amsgen.sty
File: amsgen.sty 1999/11/30 v2.0 generic functions
\@emptytoks=\toks18
\ex@=\dimen143
))
(/usr/share/texlive/texmf-dist/tex/latex/amsmath/amsbsy.sty
Package: amsbsy 1999/11/29 v1.2d Bold Symbols
\pmbraise@=\dimen144
)
(/usr/share/texlive/texmf-dist/tex/latex/amsmath/amsopn.sty
Package: amsopn 2022/04/08 v2.04 operator names
)
\inf@bad=\count195
LaTeX Info: Redefining \frac on input line 234.
\uproot@=\count196
\leftroot@=\count197
LaTeX Info: Redefining \overline on input line 399.
LaTeX Info: Redefining \colon on input line 410.
\classnum@=\count198
\DOTSCASE@=\count199
LaTeX Info: Redefining \ldots on input line 496.
LaTeX Info: Redefining \dots on input line 499.
LaTeX Info: Redefining \cdots on input line 620.
\Mathstrutbox@=\box51
\strutbox@=\box52
LaTeX Info: Redefining \big on input line 722.
LaTeX Info: Redefining \Big on input line 723.
LaTeX Info: Redefining \bigg on input line 724.
LaTeX Info: Redefining \Bigg on input line 725.
\big@size=\dimen145
LaTeX Font Info:    Redeclaring font encoding OML on input line 743.
LaTeX Font Info:    Redeclaring font encoding OMS on input line 744.
\macc@depth=\count266
LaTeX Info: Redefining \bmod on input line 905.
LaTeX Info: Redefining \pmod on input line 910.
LaTeX Info: Redefining \smash on input line 940.
LaTeX Info: Redefining \relbar on input line 970.
LaTeX Info: Redefining \Relbar on input line 971.
\c@MaxMatrixCols=\count267
\dotsspace@=\muskip16
\c@parentequation=\count268
\dspbrk@lvl=\count269
\tag@help=\toks19
\row@=\count270
\column@=\count271
\maxfields@=\count272
\andhelp@=\toks20
\eqnshift@=\dimen146
\alignsep@=\dimen147
\tagshift@=\dimen148
\tagwidth@=\dimen149
\totwidth@=\dimen150
\lineht@=\dimen151
\@envbody=\toks21
\multlinegap=\skip51
\multlinetaggap=\skip52
\mathdisplay@stack=\toks22
LaTeX Info: Redefining \[ on input line 2953.
LaTeX Info: Redefining \] on input line 2954.
)
(/usr/share/texlive/texmf-dist/tex/latex/geometry/geometry.sty
Package: geometry 2020/01/02 v5.9 Page Geometry

(/usr/share/texlive/texmf-dist/tex/generic/iftex/ifvtex.sty
Package: ifvtex 2019/10/25 v1.7 ifvtex legacy package. Use iftex instead.

(/usr/share/texlive/texmf-dist/tex/generic/iftex/iftex.sty
Package: iftex 2022/02/03 v1.0f TeX engine tests
))
\Gm@cnth=\count273
\Gm@cntv=\count274
\c@Gm@tempcnt=\count275
\Gm@bindingoffset=\dimen152
\Gm@wd@mp=\dimen153
\Gm@odd@mp=\dimen154
\Gm@even@mp=\dimen155
\Gm@layoutwidth=\dimen156
\Gm@layoutheight=\dimen157
\Gm@layouthoffset=\dimen158
\Gm@layoutvoffset=\dimen159
\Gm@dimlist=\toks23
)
(/usr/share/texlive/texmf-dist/tex/latex/l3backend/l3backend-pdftex.def
File: l3backend-pdftex.def 2024-01-04 L3 backend support: PDF output (pdfTeX)
\l__color_backend_stack_int=\count276
\l__pdf_internal_box=\box53
)
(report/assignment1_report.aux)
\openout1 = `assignment1_report.aux'.

LaTeX Font Info:    Checking defaults for OML/cmm/m/it on input line 14.
LaTeX Font Info:    ... okay on input line 14.
LaTeX Font Info:    Checking defaults for OMS/cmsy/m/n on input line 14.
LaTeX Font Info:    ... okay on input line 14.
LaTeX Font Info:    Checking defaults for OT1/cmr/m/n on input line 14.
LaTeX Font Info:    ... okay on input line 14.
LaTeX Font Info:    Checking defaults for T1/cmr/m/n on input line 14.
LaTeX Font Info:    ... okay on input line 14.
LaTeX Font Info:    Checking defaults for TS1/cmr/m/n on input line 14.
LaTeX Font Info:    ... okay on input line 14.
LaTeX Font Info:    Checking defaults for OMX/cmex/m/n on input line 14.
LaTeX Font Info:    ... okay on input line 14.
LaTeX Font Info:    Checking defaults for U/cmr/m/n on input line 14.
LaTeX Font Info:    ... okay on input line 14.

(/usr/share/texlive/texmf-dist/tex/context/base/mkii/supp-pdf.mkii
[Loading MPS to PDF converter (version 2006.09.02).]
\scratchcounter=\count277
\scratchdimen=\dimen160
\scratchbox=\box54
\nofMPsegments=\count278
\nofMParguments=\count279
\everyMPshowfont=\toks24
\MPscratchCnt=\count280
\MPscratchDim=\dimen161
\MPnumerator=\count281
\makeMPintoPDFobject=\count282
\everyMPtoPDFconversion=\toks25
) (/usr/share/texlive/texmf-dist/tex/latex/epstopdf-pkg/epstopdf-base.sty
Package: epstopdf-base 2020-01-24 v2.11 Base part for package epstopdf
Package epstopdf-base Info: Redefining graphics rule for `.eps' on input line 4
85.

(/usr/share/texlive/texmf-dist/tex/latex/latexconfig/epstopdf-sys.cfg
File: epstopdf-sys.cfg 2010/07/13 v1.3 Configuration of (r)epstopdf for TeX Liv
e
))
*geometry* driver: auto-detecting
*geometry* detected driver: pdftex
*geometry* verbose mode - [ preamble ] result:
* driver: pdftex
* paper: a4paper
* layout: <same size as paper>
* layoutoffset:(h,v)=(0.0pt,0.0pt)
* modes: 
* h-part:(L,W,R)=(72.26999pt, 452.9679pt, 72.26999pt)
* v-part:(T,H,B)=(72.26999pt, 700.50687pt, 72.26999pt)
* \paperwidth=597.50787pt
* \paperheight=845.04684pt
* \textwidth=452.9679pt
* \textheight=700.50687pt
* \oddsidemargin=0.0pt
* \evensidemargin=0.0pt
* \topmargin=-37.0pt
* \headheight=12.0pt
* \headsep=25.0pt
* \topskip=11.0pt
* \footskip=30.0pt
* \marginparwidth=50.0pt
* \marginparsep=10.0pt
* \columnsep=10.0pt
* \skip\footins=10.0pt plus 4.0pt minus 2.0pt
* \hoffset=0.0pt
* \voffset=0.0pt
* \mag=1000
* \@twocolumnfalse
* \@twosidefalse
* \@mparswitchfalse
* \@reversemarginfalse
* (1in=72.27pt=25.4mm, 1cm=28.453pt)

[1

{/var/lib/texmf/fonts/map/pdftex/updmap/pdftex.map}{/usr/share/texmf/fonts/enc/
dvips/cm-super/cm-super-ts1.enc}]
<../images/plots/q1_channels.png, id=15, 1084.05pt x 361.35pt>
File: ../images/plots/q1_channels.png Graphic file (type png)
<use ../images/plots/q1_channels.png>
Package pdftex.def Info: ../images/plots/q1_channels.png  used on input line 45
.
(pdftex.def)             Requested size: 135.89174pt x 45.29546pt.
<../images/plots/q1_original_grayscale.png, id=17, 722.7pt x 361.35pt>
File: ../images/plots/q1_original_grayscale.png Graphic file (type png)
<use ../images/plots/q1_original_grayscale.png>
Package pdftex.def Info: ../images/plots/q1_original_grayscale.png  used on inp
ut line 46.
(pdftex.def)             Requested size: 135.89174pt x 67.94594pt.
<../images/plots/q1_histograms.png, id=18, 867.24pt x 433.62pt>
File: ../images/plots/q1_histograms.png Graphic file (type png)
<use ../images/plots/q1_histograms.png>
Package pdftex.def Info: ../images/plots/q1_histograms.png  used on input line 
47.
(pdftex.def)             Requested size: 135.89174pt x 67.94482pt.
<../images/plots/q2_noisy_channels.png, id=19, 867.24pt x 578.16pt>
File: ../images/plots/q2_noisy_channels.png Graphic file (type png)
<use ../images/plots/q2_noisy_channels.png>
Package pdftex.def Info: ../images/plots/q2_noisy_channels.png  used on input l
ine 62.
(pdftex.def)             Requested size: 135.89174pt x 90.59311pt.
<../images/plots/q2_noisy_grayscale.png, id=20, 433.62pt x 289.08pt>
File: ../images/plots/q2_noisy_grayscale.png Graphic file (type png)
<use ../images/plots/q2_noisy_grayscale.png>
Package pdftex.def Info: ../images/plots/q2_noisy_grayscale.png  used on input 
line 63.
(pdftex.def)             Requested size: 135.89174pt x 90.59311pt.
<../images/plots/q2_noisy_histograms.png, id=21, 867.24pt x 578.16pt>
File: ../images/plots/q2_noisy_histograms.png Graphic file (type png)
<use ../images/plots/q2_noisy_histograms.png>
Package pdftex.def Info: ../images/plots/q2_noisy_histograms.png  used on input
 line 64.
(pdftex.def)             Requested size: 135.89174pt x 90.59311pt.
<../images/plots/q3_clean_edges.png, id=22, 1300.86pt x 867.24pt>
File: ../images/plots/q3_clean_edges.png Graphic file (type png)
<use ../images/plots/q3_clean_edges.png>
Package pdftex.def Info: ../images/plots/q3_clean_edges.png  used on input line
 87.
(pdftex.def)             Requested size: 181.18439pt x 120.77759pt.
<../images/plots/q3_noisy_edges.png, id=23, 1300.86pt x 867.24pt>
File: ../images/plots/q3_noisy_edges.png Graphic file (type png)
<use ../images/plots/q3_noisy_edges.png>
Package pdftex.def Info: ../images/plots/q3_noisy_edges.png  used on input line
 88.
(pdftex.def)             Requested size: 181.18439pt x 120.77759pt.


LaTeX Warning: `h' float specifier changed to `ht'.

[2 <report/../images/plots/q1_channels.png> <report/../images/plots/q1_original
_grayscale.png> <report/../images/plots/q1_histograms.png> <report/../images/pl
ots/q2_noisy_channels.png> <report/../images/plots/q2_noisy_grayscale.png> <rep
ort/../images/plots/q2_noisy_histograms.png>]
Overfull \hbox (14.9993pt too wide) in paragraph at lines 98--99
[]\OT1/cmr/m/n/10.95 Gradient: $\OML/cmm/m/it/10.95 G[]; G[]$ \OT1/cmr/m/n/10.9
5 as in So-bel; mag-ni-tude $\OML/cmm/m/it/10.95 M \OT1/cmr/m/n/10.95 = []$; di
-rec-tion $\OML/cmm/m/it/10.95 ^^R \OT1/cmr/m/n/10.95 = [](\OML/cmm/m/it/10.95 
G[]=G[]\OT1/cmr/m/n/10.95 )$. 
 []

<../images/plots/q4_canny_edges.png, id=37, 867.24pt x 433.62pt>
File: ../images/plots/q4_canny_edges.png Graphic file (type png)
<use ../images/plots/q4_canny_edges.png>
Package pdftex.def Info: ../images/plots/q4_canny_edges.png  used on input line
 106.
(pdftex.def)             Requested size: 226.48395pt x 113.2414pt.
[3 <report/../images/plots/q3_clean_edges.png> <report/../images/plots/q3_noisy
_edges.png> <report/../images/plots/q4_canny_edges.png>] [4]
(report/assignment1_report.aux)
 ***********
LaTeX2e <2023-11-01> patch level 1
L3 programming layer <2024-01-22>
 ***********
 ) 
Here is how much of TeX's memory you used:
 2636 strings out of 476080
 41667 string characters out of 5792744
 1933975 words of memory out of 5000000
 24658 multiletter control sequences out of 15000+600000
 564340 words of font info for 58 fonts, out of 8000000 for 9000
 59 hyphenation exceptions out of 8191
 57i,7n,65p,617b,241s stack positions out of 10000i,1000n,20000p,200000b,200000s
</usr/share/texlive/texmf-dist/fonts/type1/public/amsfonts/cm/cmbx10.pfb></us
r/share/texlive/texmf-dist/fonts/type1/public/amsfonts/cm/cmbx12.pfb></usr/shar
e/texlive/texmf-dist/fonts/type1/public/amsfonts/cm/cmex10.pfb></usr/share/texl
ive/texmf-dist/fonts/type1/public/amsfonts/cm/cmmi10.pfb></usr/share/texlive/te
xmf-dist/fonts/type1/public/amsfonts/cm/cmmi8.pfb></usr/share/texlive/texmf-dis
t/fonts/type1/public/amsfonts/cm/cmr10.pfb></usr/share/texlive/texmf-dist/fonts
/type1/public/amsfonts/cm/cmr12.pfb></usr/share/texlive/texmf-dist/fonts/type1/
public/amsfonts/cm/cmr17.pfb></usr/share/texlive/texmf-dist/fonts/type1/public/
amsfonts/cm/cmr8.pfb></usr/share/texlive/texmf-dist/fonts/type1/public/amsfonts
/cm/cmsy10.pfb></usr/share/texlive/texmf-dist/fonts/type1/public/amsfonts/cm/cm
sy8.pfb></usr/share/texlive/texmf-dist/fonts/type1/public/amsfonts/cm/cmtt10.pf
b></usr/share/texmf/fonts/type1/public/cm-super/sfrm1095.pfb>
Output written on report/assignment1_report.pdf (4 pages, 2633278 bytes).
PDF statistics:
 102 PDF objects out of 1000 (max. 8388607)
 51 compressed objects within 1 object stream
 0 named destinations out of 1000 (max. 500000)
 46 words of extra memory for PDF output out of 10000 (max. 10000000)

